== [1/3] drift check: data/live/current_batch.csv vs training reference ==
pushed drift_psi metrics to http://127.0.0.1:19091
{
  "reference": "data/raw/churn.csv",
  "batch": "data/live/current_batch.csv",
  "n_reference": 20000,
  "n_batch": 20000,
  "threshold": 0.2,
  "psi": {
    "tenure_months": 0.0013,
    "monthly_charges": 0.0007,
    "total_charges": 0.0015,
    "num_support_tickets": 0.0001,
    "payment_delay_days": 0.0007,
    "data_usage_gb": 0.001,
    "contract_type": 0.0
  },
  "max_psi": 0.0015,
  "drifted_features": [],
  "drift_detected": false,
  "simulated_ingestion": {
    "suggested_drift_level": 0.0
  }
}
== RESULT: no drift -> retraining skipped (cost awareness) ==
